\BOOKMARK [1][-]{section.1}{\376\377\000P\000r\000o\000b\000l\000e\000m\000\040\000d\000e\000s\000c\000r\000i\000p\000t\000i\000o\000n}{}% 1
\BOOKMARK [1][-]{section.2}{\376\377\000S\000o\000l\000u\000t\000i\000o\000n\000\040\000d\000e\000s\000i\000g\000n}{}% 2
\BOOKMARK [2][-]{subsection.2.1}{\376\377\000N\000o\000t\000a\000t\000i\000o\000n}{section.2}% 3
\BOOKMARK [2][-]{subsection.2.2}{\376\377\000R\000a\000n\000d\000o\000m\000\040\000v\000a\000r\000i\000a\000b\000l\000e\000s\000\040\000a\000n\000d\000\040\000B\000a\000y\000e\000s\000\040\000n\000e\000t\000w\000o\000r\000k\000\040\000s\000t\000r\000u\000c\000t\000u\000r\000e}{section.2}% 4
\BOOKMARK [2][-]{subsection.2.3}{\376\377\000I\000n\000i\000t\000i\000a\000l\000-\000s\000t\000a\000t\000e\000\040\000p\000r\000i\000o\000r}{section.2}% 5
\BOOKMARK [2][-]{subsection.2.4}{\376\377\000T\000r\000a\000n\000s\000i\000t\000i\000o\000n\000\040\000f\000a\000c\000t\000o\000r}{section.2}% 6
\BOOKMARK [2][-]{subsection.2.5}{\376\377\000O\000b\000s\000e\000r\000v\000a\000t\000i\000o\000n\000\040\000f\000a\000c\000t\000o\000r\000\040\000c\000o\000l\000l\000a\000p\000s\000e}{section.2}% 7
\BOOKMARK [2][-]{subsection.2.6}{\376\377\000C\000l\000u\000s\000t\000e\000r\000\040\000g\000r\000a\000p\000h\000\040\000a\000n\000d\000\040\000i\000n\000f\000e\000r\000e\000n\000c\000e\000\040\000a\000l\000g\000o\000r\000i\000t\000h\000m}{section.2}% 8
\BOOKMARK [2][-]{subsection.2.7}{\376\377\000P\000a\000r\000a\000m\000e\000t\000e\000r\000\040\000l\000e\000a\000r\000n\000i\000n\000g\000\040\000f\000o\000r\000\040\000u\000n\000k\000n\000o\000w\000n\000\040\000p\000w\000,\000\040\000p\000c\000\040\000\050\000d\000a\000t\000a\000s\000e\000t\000\040\0003\000\051}{section.2}% 9
\BOOKMARK [2][-]{subsection.2.8}{\376\377\000S\000c\000o\000p\000e\000\040\000o\000f\000\040\000s\000o\000l\000u\000t\000i\000o\000n}{section.2}% 10
\BOOKMARK [1][-]{section.3}{\376\377\000I\000m\000p\000l\000e\000m\000e\000n\000t\000a\000t\000i\000o\000n}{}% 11
\BOOKMARK [2][-]{subsection.3.1}{\376\377\000V\000a\000r\000i\000a\000b\000l\000e\000\040\000i\000d\000e\000n\000t\000i\000f\000i\000e\000r\000s\000\040\000a\000n\000d\000\040\000s\000h\000a\000r\000e\000d\000\040\000c\000e\000l\000l\000\040\000d\000o\000m\000a\000i\000n}{section.3}% 12
\BOOKMARK [2][-]{subsection.3.2}{\376\377\000B\000u\000i\000l\000d\000i\000n\000g\000\040\000t\000h\000e\000\040\000f\000a\000c\000t\000o\000r\000s}{section.3}% 13
\BOOKMARK [2][-]{subsection.3.3}{\376\377\000C\000l\000u\000s\000t\000e\000r\000\040\000g\000r\000a\000p\000h\000\040\000a\000n\000d\000\040\000B\000P}{section.3}% 14
\BOOKMARK [2][-]{subsection.3.4}{\376\377\000E\000x\000t\000r\000a\000c\000t\000i\000n\000g\000\040\000m\000a\000r\000g\000i\000n\000a\000l\000s\000\040\000a\000n\000d\000\040\000t\000h\000e\000\040\000E\000M\000\040\000l\000o\000o\000p}{section.3}% 15
\BOOKMARK [2][-]{subsection.3.5}{\376\377\000O\000u\000t\000p\000u\000t}{section.3}% 16
\BOOKMARK [1][-]{section.4}{\376\377\000R\000e\000s\000u\000l\000t\000s\000\040\000a\000n\000d\000\040\000a\000n\000a\000l\000y\000s\000i\000s}{}% 17
\BOOKMARK [2][-]{subsection.4.1}{\376\377\000E\000v\000a\000l\000u\000a\000t\000i\000o\000n\000\040\000m\000e\000t\000r\000i\000c\000s}{section.4}% 18
\BOOKMARK [2][-]{subsection.4.2}{\376\377\000D\000a\000t\000a\000s\000e\000t\000\040\0001\000\040\000\050\0005\0005\000,\000\040\000p\000w\000=\0000\000.\0009\0005\000,\000\040\000p\000c\000=\0000\000.\0000\0005\000\051}{section.4}% 19
\BOOKMARK [2][-]{subsection.4.3}{\376\377\000D\000a\000t\000a\000s\000e\000t\000\040\0002\000\040\000\050\0002\0000\0002\0000\000,\000\040\000p\000w\000=\0000\000.\0009\000,\000\040\000p\000c\000=\0000\000.\0001\000\051}{section.4}% 20
\BOOKMARK [2][-]{subsection.4.4}{\376\377\000D\000a\000t\000a\000s\000e\000t\000\040\0003\000\040\000\050\0001\0000\0002\0000\000,\000\040\000E\000M\000-\000l\000e\000a\000r\000n\000e\000d\000\040\000p\000a\000r\000a\000m\000e\000t\000e\000r\000s\000\051}{section.4}% 21
\BOOKMARK [2][-]{subsection.4.5}{\376\377\000C\000l\000u\000s\000t\000e\000r\000-\000g\000r\000a\000p\000h\000\040\000c\000h\000o\000i\000c\000e}{section.4}% 22
\BOOKMARK [1][-]{section.5}{\376\377\000C\000o\000n\000c\000l\000u\000s\000i\000o\000n}{}% 23
